Tarea A - 2015 - Programacion 3.

>0 65535 65535 65535 65535 65535 65535 65535 65535 65535 
>65535 1 65535 3 65535 1 65535 65535 65535 1 
>2 2 2 2 65535 2 2 2 2 2 
>15 15 15 15 15 15 15 15 15 15 
>0 2 2 5 6 2 3 4 4 5 
>>0 0 0 0 0 0 0 0 0 0 
>0 2 2 2 2 2 2 2 2 2 
>3 3 3 3 3 3 3 2 3 3 
>1 3 8 8 6 4 2 1 2 4 
>>0 0 0 0 0 0 0 0 0 0 
>65535 1 1 1 1 1 2 65535 65535 65535 
>5 5 5 5 5 5 2 65535 5 5 
>>1 65535 5 65535 5 7 8 9 9 4 
>>2 2 2 2 2 2 
>4 4 4 4 4 4 
>>65535 65535 65535 11 65535 11 65535 65535 65535 65535 65535 65535 11 11 
>65535 1 65535 3 65535 3 6 7 65535 65535 65535 65535 3 3 
>1 0 0 0 1 0 0 65535 0 0 3 1 0 0 
>FIN.
