Tarea A - 2015 - Programacion 3.

>>2
>0 0 0 1 1 2 3 
>7
1 
2 
0 
1 4 
3 
4 

>6 0 2 1 3 4 5 
>0 0 0 1 1 2 3 
>FIN.
